// Jest Snapshot v1, https://goo.gl/fbAQLP

exports[`components/Popover matches snapshot 1`] = `
<DocumentFragment>
  <button
    class="c-jkTMls c-jkTMls-jsOpSy-color-primary c-jkTMls-sKeyg-size-md c-jkTMls-dCRXRO-isDisabled-false c-jkTMls-cycqzJ-pill-false c-jkTMls-dXGhuR-cv decaButton-root"
    role="button"
  >
    Open Popover
  </button>
</DocumentFragment>
`;
